[debug] [2025-10-25T06:04:45.147Z] [Firebase Plugin] Activating Firebase extension.
[debug] [2025-10-25T06:04:50.585Z] [Firebase Plugin] requireAuthWrapper
[debug] [2025-10-25T06:04:50.587Z] > command requires scopes: ["email","openid","https://www.googleapis.com/auth/cloudplatformprojects.readonly","https://www.googleapis.com/auth/firebase","https://www.googleapis.com/auth/cloud-platform"]
[debug] [2025-10-25T06:04:50.587Z] > authorizing via signed-in user (godtrascoeticketsystem@gmail.com)
[debug] [2025-10-25T06:04:50.589Z] Checked if tokens are valid: false, expires at: 1761224774525
[debug] [2025-10-25T06:04:50.589Z] Checked if tokens are valid: false, expires at: 1761224774525
[debug] [2025-10-25T06:04:50.590Z] > refreshing access token with scopes: []
[debug] [2025-10-25T06:04:50.591Z] >>> [apiv2][query] POST https://www.googleapis.com/oauth2/v3/token [none]
[debug] [2025-10-25T06:04:50.591Z] >>> [apiv2][body] POST https://www.googleapis.com/oauth2/v3/token [omitted]
[debug] [2025-10-25T06:04:50.598Z] [Firebase Plugin] VSCode notification server listening on port 40001
[info] [Firebase Plugin] Starting Data Connect toolkit (version 2.15.0) on port 50001
[debug] [2025-10-25T06:04:51.150Z] 'fdc build' failed with error: Unable to build your Data Connect schema and connectors (exit code 1): E1025 14:04:51.126596   28756 cmd.go:43] Error loading data connect config: could not find dataconnect.yaml in `c:\Users\yourb\OneDrive\Documents\GitHub\uvexpress_admin_web\dataconnect`
 {"metadata":{"emulator":{"name":"dataconnect"},"message":"'fdc build' failed with error: Unable to build your Data Connect schema and connectors (exit code 1): E1025 14:04:51.126596   28756 cmd.go:43] Error loading data connect config: could not find dataconnect.yaml in `c:\\Users\\yourb\\OneDrive\\Documents\\GitHub\\uvexpress_admin_web\\dataconnect`\n"}}
[debug] [2025-10-25T06:04:51.151Z] Ignoring unsupported arg: auto_download {"metadata":{"emulator":{"name":"dataconnect"},"message":"Ignoring unsupported arg: auto_download"}}
[debug] [2025-10-25T06:04:51.151Z] Ignoring unsupported arg: port {"metadata":{"emulator":{"name":"dataconnect"},"message":"Ignoring unsupported arg: port"}}
[debug] [2025-10-25T06:04:51.151Z] Starting Data Connect Emulator with command {"binary":"C:\\Users\\yourb\\.cache\\firebase\\emulators\\dataconnect-emulator-2.15.0.exe","args":["--logtostderr","-v=2","dev","--listen=localhost:50001","--config_dir=c:\\Users\\yourb\\OneDrive\\Documents\\GitHub\\uvexpress_admin_web\\dataconnect","--enable_output_schema_extensions=true","--enable_output_generated_sdk=true"],"optionalArgs":["listen","config_dir","enable_output_schema_extensions","enable_output_generated_sdk"],"joinArgs":true,"shell":false,"port":9399} {"metadata":{"emulator":{"name":"dataconnect"},"message":"Starting Data Connect Emulator with command {\"binary\":\"C:\\\\Users\\\\yourb\\\\.cache\\\\firebase\\\\emulators\\\\dataconnect-emulator-2.15.0.exe\",\"args\":[\"--logtostderr\",\"-v=2\",\"dev\",\"--listen=localhost:50001\",\"--config_dir=c:\\\\Users\\\\yourb\\\\OneDrive\\\\Documents\\\\GitHub\\\\uvexpress_admin_web\\\\dataconnect\",\"--enable_output_schema_extensions=true\",\"--enable_output_generated_sdk=true\"],\"optionalArgs\":[\"listen\",\"config_dir\",\"enable_output_schema_extensions\",\"enable_output_generated_sdk\"],\"joinArgs\":true,\"shell\":false,\"port\":9399}"}}
[info] i  dataconnect: Data Connect Emulator logging to dataconnect-debug.log {"metadata":{"emulator":{"name":"dataconnect"},"message":"Data Connect Emulator logging to \u001b[1mdataconnect-debug.log\u001b[22m"}}
[debug] [2025-10-25T06:04:51.210Z] E1025 14:04:51.170746   18648 dev.go:79] Failed to load initial config from "c:\\Users\\yourb\\OneDrive\\Documents\\GitHub\\uvexpress_admin_web\\dataconnect": could not find dataconnect.yaml in `c:\Users\yourb\OneDrive\Documents\GitHub\uvexpress_admin_web\dataconnect`
E1025 14:04:51.192605   18648 watch.go:102] watchAllDir unable to walk dir `c:\Users\yourb\OneDrive\Documents\GitHub\uvexpress_admin_web\dataconnect`: CreateFile c:\Users\yourb\OneDrive\Documents\GitHub\uvexpress_admin_web\dataconnect: The system cannot find the file specified.
I1025 14:04:51.197764   18648 dev.go:102] Listening on address (HTTP + gRPC): 127.0.0.1:50001
 {"metadata":{"emulator":{"name":"dataconnect"},"message":"E1025 14:04:51.170746   18648 dev.go:79] Failed to load initial config from \"c:\\\\Users\\\\yourb\\\\OneDrive\\\\Documents\\\\GitHub\\\\uvexpress_admin_web\\\\dataconnect\": could not find dataconnect.yaml in `c:\\Users\\yourb\\OneDrive\\Documents\\GitHub\\uvexpress_admin_web\\dataconnect`\nE1025 14:04:51.192605   18648 watch.go:102] watchAllDir unable to walk dir `c:\\Users\\yourb\\OneDrive\\Documents\\GitHub\\uvexpress_admin_web\\dataconnect`: CreateFile c:\\Users\\yourb\\OneDrive\\Documents\\GitHub\\uvexpress_admin_web\\dataconnect: The system cannot find the file specified.\nI1025 14:04:51.197764   18648 dev.go:102] Listening on address (HTTP + gRPC): 127.0.0.1:50001\n"}}
[debug] [2025-10-25T06:04:51.408Z] <<< [apiv2][status] POST https://www.googleapis.com/oauth2/v3/token 200
[debug] [2025-10-25T06:04:51.408Z] <<< [apiv2][body] POST https://www.googleapis.com/oauth2/v3/token [omitted]
[debug] [2025-10-25T06:04:51.433Z] [Firebase Plugin] User found:  godtrascoeticketsystem@gmail.com
[info] [Firebase Plugin] (Core:Project) New user detected, fetching projects
[debug] [2025-10-25T06:04:51.434Z] Checked if tokens are valid: true, expires at: 1761375890408
[debug] [2025-10-25T06:04:51.435Z] >>> [apiv2][query] GET https://firebase.googleapis.com/v1beta1/projects pageSize=1000
[error] [Firebase Plugin] error:  {}
[debug] [2025-10-25T06:04:52.335Z] <<< [apiv2][status] GET https://firebase.googleapis.com/v1beta1/projects 200
[debug] [2025-10-25T06:04:52.335Z] <<< [apiv2][body] GET https://firebase.googleapis.com/v1beta1/projects [omitted]
[debug] [2025-10-25T06:05:01.193Z] E1025 14:05:01.192653   18648 watch.go:31] Failed to load config from "c:\\Users\\yourb\\OneDrive\\Documents\\GitHub\\uvexpress_admin_web\\dataconnect": could not find dataconnect.yaml in `c:\Users\yourb\OneDrive\Documents\GitHub\uvexpress_admin_web\dataconnect`
 {"metadata":{"emulator":{"name":"dataconnect"},"message":"E1025 14:05:01.192653   18648 watch.go:31] Failed to load config from \"c:\\\\Users\\\\yourb\\\\OneDrive\\\\Documents\\\\GitHub\\\\uvexpress_admin_web\\\\dataconnect\": could not find dataconnect.yaml in `c:\\Users\\yourb\\OneDrive\\Documents\\GitHub\\uvexpress_admin_web\\dataconnect`\n"}}
[debug] [2025-10-25T06:05:11.193Z] E1025 14:05:11.192617   18648 watch.go:31] Failed to load config from "c:\\Users\\yourb\\OneDrive\\Documents\\GitHub\\uvexpress_admin_web\\dataconnect": could not find dataconnect.yaml in `c:\Users\yourb\OneDrive\Documents\GitHub\uvexpress_admin_web\dataconnect`
 {"metadata":{"emulator":{"name":"dataconnect"},"message":"E1025 14:05:11.192617   18648 watch.go:31] Failed to load config from \"c:\\\\Users\\\\yourb\\\\OneDrive\\\\Documents\\\\GitHub\\\\uvexpress_admin_web\\\\dataconnect\": could not find dataconnect.yaml in `c:\\Users\\yourb\\OneDrive\\Documents\\GitHub\\uvexpress_admin_web\\dataconnect`\n"}}
